---
source: tests/reports.rs
expression: "render_text(&diagnostics, &sources)"
---
docs/mixed.md:2:11: TST001 Source mapping example.
   |
 2 | English \*text\* &amp; 中文。
   |
   = suggestion: Inspect the original Markdown range.

docs/mixed.md:2:24: TST002 Source mapping example.
   |
 2 | English \*text\* &amp; 中文。
   |
   = suggestion: Inspect the original Markdown range.

docs/mixed.md:3:7: TST003 Source mapping example.
   |
 3 | 日本語で `設定` を見る。
   |
   = suggestion: Inspect the original Markdown range.
   = related: docs/reference.md:1:3: Related definition.

Found 3 diagnostics.
